Recording (agent mode) session=a17bef6eabf5...
agent step 0: unparseable reply: Looking at the image of the webpage, here are the detailed observations:

**Overall Layout:**
- The page has a simple, clean design with a plain light gray background
- Content is positioned in the upper-left to center area of the page
- No images, forms, tables, navigation bars, or other complex elements are present

**Text Content:**
- **Main heading:** A bold dark heading that reads "Example Domain"
- **Body paragraph:** Below the heading is a paragraph stating: "This domain is for use in documentation examples without needing permission. Avoid use in operations."
- **Link:** Below the paragraph is a blue underlined text link with the text "Learn more" that appears to be clickable

**Visual Elements:**
- **Recording status overlay:** Located in the top-right corner is a dark rounded rectangular recording/status indicator
- **Status details:** The overlay contains:
  - A small red dot (indicating recording/operational status)
  - Text showing "REC 00:01" (elapsed recording time)
  - A pill-shaped label reading "Idle" (current status mode)

**Design Features:**
- Minimalist design aesthetic with good visual hierarchy
- The overlay appears to be a demo recording indicator system
- Clean typography with clear contrast between text and background
- Fixed positioning of the status overlay ensures it remains visible during interaction

The page appears to be the standard Example Domain page (example.com) that's commonly used for documentation purposes, with an added demo recording interface overlay for capturing user interactions or walkthroughs.
Done. 0 steps recorded \u2192 demos/a17bef6eabf5/demo.json
